// Jest Snapshot v1, https://goo.gl/fbAQLP

exports[`Pruebas en el GifGrid should correctly 1`] = `
<div>
  <h3
    className="animate__animated animate__fadeIn"
  >
    One Punch
  </h3>
  <p
    className="animate__animated animate__flash"
  >
     Cargando... 
  </p>
  <div
    className="card-grid"
  />
</div>
`;
